// Vitest Snapshot v1, https://vitest.dev/guide/snapshot.html

exports[`<LandingFooter /> > snapshot stays stable in dark + light > footer-dark 1`] = `
<footer
  class="border-t border-border"
>
  <div
    class="mx-auto flex max-w-6xl flex-col gap-4 px-6 py-10 text-xs text-text-muted lg:flex-row lg:items-center lg:justify-between lg:px-10"
  >
    <div
      class="flex items-center gap-3"
    >
      <span
        class="inline-flex items-center gap-2"
      >
        <svg
          aria-hidden="true"
          focusable="false"
          height="16"
          viewBox="0 0 32 32"
          width="16"
          xmlns="http://www.w3.org/2000/svg"
        >
          <path
            d="M 9 8 L 18 16 L 9 24"
            fill="none"
            opacity="0.55"
            stroke="var(--color-text-muted)"
            stroke-linecap="round"
            stroke-linejoin="round"
            stroke-width="2.5"
          />
          <path
            d="M 14 8 L 23 16 L 14 24"
            fill="none"
            opacity="1"
            stroke="var(--color-text-muted)"
            stroke-linecap="round"
            stroke-linejoin="round"
            stroke-width="2.5"
          />
        </svg>
        <span
          aria-label="The Better Decision"
          class="font-display font-semibold tracking-tight text-text-muted"
        >
          The Better Decision
        </span>
      </span>
      <span>
        © 
        <span>
          2026
        </span>
      </span>
    </div>
    <nav
      aria-label="Footer"
      class="flex flex-wrap items-center gap-5"
    >
      <a
        class="hover:text-text-primary"
        href="/privacy"
      >
        Privacy
      </a>
      <a
        class="hover:text-text-primary"
        href="/terms"
      >
        Terms
      </a>
      <a
        class="hover:text-text-primary"
        href="/help"
      >
        Help
      </a>
      <a
        class="hover:text-text-primary"
        href="mailto:hello@thebetterdecision.com"
      >
        hello@thebetterdecision.com
      </a>
    </nav>
  </div>
</footer>
`;

exports[`<LandingFooter /> > snapshot stays stable in dark + light > footer-light 1`] = `
<footer
  class="border-t border-border"
>
  <div
    class="mx-auto flex max-w-6xl flex-col gap-4 px-6 py-10 text-xs text-text-muted lg:flex-row lg:items-center lg:justify-between lg:px-10"
  >
    <div
      class="flex items-center gap-3"
    >
      <span
        class="inline-flex items-center gap-2"
      >
        <svg
          aria-hidden="true"
          focusable="false"
          height="16"
          viewBox="0 0 32 32"
          width="16"
          xmlns="http://www.w3.org/2000/svg"
        >
          <path
            d="M 9 8 L 18 16 L 9 24"
            fill="none"
            opacity="0.55"
            stroke="var(--color-text-muted)"
            stroke-linecap="round"
            stroke-linejoin="round"
            stroke-width="2.5"
          />
          <path
            d="M 14 8 L 23 16 L 14 24"
            fill="none"
            opacity="1"
            stroke="var(--color-text-muted)"
            stroke-linecap="round"
            stroke-linejoin="round"
            stroke-width="2.5"
          />
        </svg>
        <span
          aria-label="The Better Decision"
          class="font-display font-semibold tracking-tight text-text-muted"
        >
          The Better Decision
        </span>
      </span>
      <span>
        © 
        <span>
          2026
        </span>
      </span>
    </div>
    <nav
      aria-label="Footer"
      class="flex flex-wrap items-center gap-5"
    >
      <a
        class="hover:text-text-primary"
        href="/privacy"
      >
        Privacy
      </a>
      <a
        class="hover:text-text-primary"
        href="/terms"
      >
        Terms
      </a>
      <a
        class="hover:text-text-primary"
        href="/help"
      >
        Help
      </a>
      <a
        class="hover:text-text-primary"
        href="mailto:hello@thebetterdecision.com"
      >
        hello@thebetterdecision.com
      </a>
    </nav>
  </div>
</footer>
`;
